node:events:487
      throw er; // Unhandled 'error' event
      ^

Error: listen EADDRINUSE: address already in use :::3000
    at Server.setupListenHandle [as _listen2] (node:net:2167:16)
    at listenInCluster (node:net:2224:12)
    at Server.listen (node:net:2344:7)
    at startServer (file:///C:/Users/ertih/OneDrive/Desktop/campuslab%20twin/server/src/index.js:285:16)
    at process.processTicksAndRejections (node:internal/process/task_queues:104:5)
    at async file:///C:/Users/ertih/OneDrive/Desktop/campuslab%20twin/server/src/index.js:298:1
Emitted 'error' event on Server instance at:
    at emitErrorNT (node:net:2203:8)
    at process.processTicksAndRejections (node:internal/process/task_queues:90:21) {
  code: 'EADDRINUSE',
  errno: -4091,
  syscall: 'listen',
  address: '::',
  port: 3000
}

Node.js v24.19.0
